Archive member included to satisfy reference by file (symbol)

c:/program files (x86)/atmel/studio/7.0/toolchain/avr8/avr8-gnu-toolchain/bin/../lib/gcc/avr/5.4.0/avr5\libgcc.a(_udivmodhi4.o)
                              FreeRTOS/Source/queue.o (__udivmodhi4)
c:/program files (x86)/atmel/studio/7.0/toolchain/avr8/avr8-gnu-toolchain/bin/../lib/gcc/avr/5.4.0/avr5\libgcc.a(_udivmodsi4.o)
                              MCAL/UART.o (__udivmodsi4)
c:/program files (x86)/atmel/studio/7.0/toolchain/avr8/avr8-gnu-toolchain/bin/../lib/gcc/avr/5.4.0/avr5\libgcc.a(_exit.o)
                              C:/Program Files (x86)/Atmel/Studio/7.0/Packs/atmel/ATmega_DFP/1.7.374/gcc/dev/atmega169pa/avr5/crtatmega169pa.o (exit)
c:/program files (x86)/atmel/studio/7.0/toolchain/avr8/avr8-gnu-toolchain/bin/../lib/gcc/avr/5.4.0/avr5\libgcc.a(_copy_data.o)
                              FreeRTOS/Source/tasks.o (__do_copy_data)
c:/program files (x86)/atmel/studio/7.0/toolchain/avr8/avr8-gnu-toolchain/bin/../lib/gcc/avr/5.4.0/avr5\libgcc.a(_clear_bss.o)
                              FreeRTOS/Source/portable/MemMang/heap_1.o (__do_clear_bss)
c:/program files (x86)/atmel/studio/7.0/toolchain/avr8/avr8-gnu-toolchain/bin/../lib/gcc/avr/5.4.0/avr5\libgcc.a(_umulhisi3.o)
                              HAL/LM35.o (__umulhisi3)
c:/program files (x86)/atmel/studio/7.0/toolchain/avr8/avr8-gnu-toolchain/bin/../lib/gcc/avr/5.4.0/../../../../avr/lib/avr5\libc.a(memcpy.o)
                              FreeRTOS/Source/queue.o (memcpy)

Allocating common symbols
Common symbol       size              file

xMotorQueue         0x2               main.o
xUART_Mutex         0x2               main.o

Discarded input sections

 .data          0x00000000        0x0 C:/Program Files (x86)/Atmel/Studio/7.0/Packs/atmel/ATmega_DFP/1.7.374/gcc/dev/atmega169pa/avr5/crtatmega169pa.o
 .bss           0x00000000        0x0 C:/Program Files (x86)/Atmel/Studio/7.0/Packs/atmel/ATmega_DFP/1.7.374/gcc/dev/atmega169pa/avr5/crtatmega169pa.o
 .text          0x00000000        0x0 FreeRTOS/Source/list.o
 .data          0x00000000        0x0 FreeRTOS/Source/list.o
 .bss           0x00000000        0x0 FreeRTOS/Source/list.o
 .text.vListInsertEnd
                0x00000000       0x42 FreeRTOS/Source/list.o
 .text          0x00000000        0x0 FreeRTOS/Source/portable/GCC/Atmega169PA/port.o
 .data          0x00000000        0x0 FreeRTOS/Source/portable/GCC/Atmega169PA/port.o
 .bss           0x00000000        0x0 FreeRTOS/Source/portable/GCC/Atmega169PA/port.o
 .text.vPortEndScheduler
                0x00000000        0x2 FreeRTOS/Source/portable/GCC/Atmega169PA/port.o
 .text          0x00000000        0x0 FreeRTOS/Source/portable/MemMang/heap_1.o
 .data          0x00000000        0x0 FreeRTOS/Source/portable/MemMang/heap_1.o
 .bss           0x00000000        0x0 FreeRTOS/Source/portable/MemMang/heap_1.o
 .text.vPortInitialiseBlocks
                0x00000000        0xa FreeRTOS/Source/portable/MemMang/heap_1.o
 .text.xPortGetFreeHeapSize
                0x00000000       0x12 FreeRTOS/Source/portable/MemMang/heap_1.o
 .text.vPortHeapResetState
                0x00000000        0xa FreeRTOS/Source/portable/MemMang/heap_1.o
 .text          0x00000000        0x0 FreeRTOS/Source/queue.o
 .data          0x00000000        0x0 FreeRTOS/Source/queue.o
 .bss           0x00000000        0x0 FreeRTOS/Source/queue.o
 .text.xQueueCreateCountingSemaphore
                0x00000000       0x2c FreeRTOS/Source/queue.o
 .text.xQueueGenericSendFromISR
                0x00000000       0x84 FreeRTOS/Source/queue.o
 .text.xQueueGiveFromISR
                0x00000000       0x70 FreeRTOS/Source/queue.o
 .text.xQueuePeek
                0x00000000      0x122 FreeRTOS/Source/queue.o
 .text.xQueueReceiveFromISR
                0x00000000       0x7a FreeRTOS/Source/queue.o
 .text.xQueuePeekFromISR
                0x00000000       0x2e FreeRTOS/Source/queue.o
 .text.uxQueueMessagesWaiting
                0x00000000       0x10 FreeRTOS/Source/queue.o
 .text.uxQueueSpacesAvailable
                0x00000000       0x16 FreeRTOS/Source/queue.o
 .text.uxQueueMessagesWaitingFromISR
                0x00000000        0x6 FreeRTOS/Source/queue.o
 .text.vQueueDelete
                0x00000000        0x6 FreeRTOS/Source/queue.o
 .text.uxQueueGetQueueItemSize
                0x00000000        0x6 FreeRTOS/Source/queue.o
 .text.uxQueueGetQueueLength
                0x00000000        0x6 FreeRTOS/Source/queue.o
 .text.xQueueIsQueueEmptyFromISR
                0x00000000       0x10 FreeRTOS/Source/queue.o
 .text.xQueueIsQueueFullFromISR
                0x00000000       0x12 FreeRTOS/Source/queue.o
 .text          0x00000000        0x0 FreeRTOS/Source/tasks.o
 .data          0x00000000        0x0 FreeRTOS/Source/tasks.o
 .bss           0x00000000        0x0 FreeRTOS/Source/tasks.o
 .text.vTaskDelete
                0x00000000       0xb2 FreeRTOS/Source/tasks.o
 .text.vTaskEndScheduler
                0x00000000       0x30 FreeRTOS/Source/tasks.o
 .text.xTaskGetTickCount
                0x00000000       0x14 FreeRTOS/Source/tasks.o
 .text.xTaskGetTickCountFromISR
                0x00000000        0xa FreeRTOS/Source/tasks.o
 .text.uxTaskGetNumberOfTasks
                0x00000000        0x6 FreeRTOS/Source/tasks.o
 .text.pcTaskGetName
                0x00000000       0x10 FreeRTOS/Source/tasks.o
 .text.xTaskCatchUpTicks
                0x00000000       0x32 FreeRTOS/Source/tasks.o
 .text.vTaskPlaceOnUnorderedEventList
                0x00000000       0x8c FreeRTOS/Source/tasks.o
 .text.vTaskRemoveFromUnorderedEventList
                0x00000000      0x14c FreeRTOS/Source/tasks.o
 .text.vTaskSetTimeOutState
                0x00000000       0x20 FreeRTOS/Source/tasks.o
 .text.xTaskGetCurrentTaskHandle
                0x00000000        0xa FreeRTOS/Source/tasks.o
 .text.xTaskGetCurrentTaskHandleForCore
                0x00000000       0x14 FreeRTOS/Source/tasks.o
 .text.uxTaskResetEventItemValue
                0x00000000       0x2e FreeRTOS/Source/tasks.o
 .text.ulTaskGenericNotifyTake
                0x00000000      0x120 FreeRTOS/Source/tasks.o
 .text.xTaskGenericNotifyWait
                0x00000000      0x174 FreeRTOS/Source/tasks.o
 .text.xTaskGenericNotify
                0x00000000      0x20a FreeRTOS/Source/tasks.o
 .text.xTaskGenericNotifyFromISR
                0x00000000      0x260 FreeRTOS/Source/tasks.o
 .text.vTaskGenericNotifyGiveFromISR
                0x00000000      0x194 FreeRTOS/Source/tasks.o
 .text.xTaskGenericNotifyStateClear
                0x00000000       0x34 FreeRTOS/Source/tasks.o
 .text.ulTaskGenericNotifyValueClear
                0x00000000       0x6c FreeRTOS/Source/tasks.o
 .text.vTaskResetState
                0x00000000       0x56 FreeRTOS/Source/tasks.o
 .text          0x00000000        0x0 HAL/Button.o
 .data          0x00000000        0x0 HAL/Button.o
 .bss           0x00000000        0x0 HAL/Button.o
 .text          0x00000000        0x0 HAL/LED.o
 .data          0x00000000        0x0 HAL/LED.o
 .bss           0x00000000        0x0 HAL/LED.o
 .text.LED_init
                0x00000000        0x8 HAL/LED.o
 .text.LED_on   0x00000000        0x8 HAL/LED.o
 .text.LED_off  0x00000000        0x8 HAL/LED.o
 .text.LED_toggle
                0x00000000        0xa HAL/LED.o
 .debug_info    0x00000000       0xc5 HAL/LED.o
 .debug_abbrev  0x00000000       0x51 HAL/LED.o
 .debug_aranges
                0x00000000       0x38 HAL/LED.o
 .debug_ranges  0x00000000       0x28 HAL/LED.o
 .debug_line    0x00000000       0xe2 HAL/LED.o
 .debug_str     0x00000000      0x19c HAL/LED.o
 .comment       0x00000000       0x31 HAL/LED.o
 .debug_frame   0x00000000       0x54 HAL/LED.o
 .text          0x00000000        0x0 HAL/LM35.o
 .data          0x00000000        0x0 HAL/LM35.o
 .bss           0x00000000        0x0 HAL/LM35.o
 .text          0x00000000        0x0 HAL/motor.o
 .data          0x00000000        0x0 HAL/motor.o
 .bss           0x00000000        0x0 HAL/motor.o
 .text          0x00000000        0x0 main.o
 .data          0x00000000        0x0 main.o
 .bss           0x00000000        0x0 main.o
 .text          0x00000000        0x0 MCAL/UART.o
 .data          0x00000000        0x0 MCAL/UART.o
 .bss           0x00000000        0x0 MCAL/UART.o
 .text          0x00000000        0x0 c:/program files (x86)/atmel/studio/7.0/toolchain/avr8/avr8-gnu-toolchain/bin/../lib/gcc/avr/5.4.0/avr5\libgcc.a(_udivmodhi4.o)
 .data          0x00000000        0x0 c:/program files (x86)/atmel/studio/7.0/toolchain/avr8/avr8-gnu-toolchain/bin/../lib/gcc/avr/5.4.0/avr5\libgcc.a(_udivmodhi4.o)
 .bss           0x00000000        0x0 c:/program files (x86)/atmel/studio/7.0/toolchain/avr8/avr8-gnu-toolchain/bin/../lib/gcc/avr/5.4.0/avr5\libgcc.a(_udivmodhi4.o)
 .text.libgcc.mul
                0x00000000        0x0 c:/program files (x86)/atmel/studio/7.0/toolchain/avr8/avr8-gnu-toolchain/bin/../lib/gcc/avr/5.4.0/avr5\libgcc.a(_udivmodhi4.o)
 .text.libgcc   0x00000000        0x0 c:/program files (x86)/atmel/studio/7.0/toolchain/avr8/avr8-gnu-toolchain/bin/../lib/gcc/avr/5.4.0/avr5\libgcc.a(_udivmodhi4.o)
 .text.libgcc.prologue
                0x00000000        0x0 c:/program files (x86)/atmel/studio/7.0/toolchain/avr8/avr8-gnu-toolchain/bin/../lib/gcc/avr/5.4.0/avr5\libgcc.a(_udivmodhi4.o)
 .text.libgcc.builtins
                0x00000000        0x0 c:/program files (x86)/atmel/studio/7.0/toolchain/avr8/avr8-gnu-toolchain/bin/../lib/gcc/avr/5.4.0/avr5\libgcc.a(_udivmodhi4.o)
 .text.libgcc.fmul
                0x00000000        0x0 c:/program files (x86)/atmel/studio/7.0/toolchain/avr8/avr8-gnu-toolchain/bin/../lib/gcc/avr/5.4.0/avr5\libgcc.a(_udivmodhi4.o)
 .text.libgcc.fixed
                0x00000000        0x0 c:/program files (x86)/atmel/studio/7.0/toolchain/avr8/avr8-gnu-toolchain/bin/../lib/gcc/avr/5.4.0/avr5\libgcc.a(_udivmodhi4.o)
 .text          0x00000000        0x0 c:/program files (x86)/atmel/studio/7.0/toolchain/avr8/avr8-gnu-toolchain/bin/../lib/gcc/avr/5.4.0/avr5\libgcc.a(_udivmodsi4.o)
 .data          0x00000000        0x0 c:/program files (x86)/atmel/studio/7.0/toolchain/avr8/avr8-gnu-toolchain/bin/../lib/gcc/avr/5.4.0/avr5\libgcc.a(_udivmodsi4.o)
 .bss           0x00000000        0x0 c:/program files (x86)/atmel/studio/7.0/toolchain/avr8/avr8-gnu-toolchain/bin/../lib/gcc/avr/5.4.0/avr5\libgcc.a(_udivmodsi4.o)
 .text.libgcc.mul
                0x00000000        0x0 c:/program files (x86)/atmel/studio/7.0/toolchain/avr8/avr8-gnu-toolchain/bin/../lib/gcc/avr/5.4.0/avr5\libgcc.a(_udivmodsi4.o)
 .text.libgcc   0x00000000        0x0 c:/program files (x86)/atmel/studio/7.0/toolchain/avr8/avr8-gnu-toolchain/bin/../lib/gcc/avr/5.4.0/avr5\libgcc.a(_udivmodsi4.o)
 .text.libgcc.prologue
                0x00000000        0x0 c:/program files (x86)/atmel/studio/7.0/toolchain/avr8/avr8-gnu-toolchain/bin/../lib/gcc/avr/5.4.0/avr5\libgcc.a(_udivmodsi4.o)
 .text.libgcc.builtins
                0x00000000        0x0 c:/program files (x86)/atmel/studio/7.0/toolchain/avr8/avr8-gnu-toolchain/bin/../lib/gcc/avr/5.4.0/avr5\libgcc.a(_udivmodsi4.o)
 .text.libgcc.fmul
                0x00000000        0x0 c:/program files (x86)/atmel/studio/7.0/toolchain/avr8/avr8-gnu-toolchain/bin/../lib/gcc/avr/5.4.0/avr5\libgcc.a(_udivmodsi4.o)
 .text.libgcc.fixed
                0x00000000        0x0 c:/program files (x86)/atmel/studio/7.0/toolchain/avr8/avr8-gnu-toolchain/bin/../lib/gcc/avr/5.4.0/avr5\libgcc.a(_udivmodsi4.o)
 .text          0x00000000        0x0 c:/program files (x86)/atmel/studio/7.0/toolchain/avr8/avr8-gnu-toolchain/bin/../lib/gcc/avr/5.4.0/avr5\libgcc.a(_exit.o)
 .data          0x00000000        0x0 c:/program files (x86)/atmel/studio/7.0/toolchain/avr8/avr8-gnu-toolchain/bin/../lib/gcc/avr/5.4.0/avr5\libgcc.a(_exit.o)
 .bss           0x00000000        0x0 c:/program files (x86)/atmel/studio/7.0/toolchain/avr8/avr8-gnu-toolchain/bin/../lib/gcc/avr/5.4.0/avr5\libgcc.a(_exit.o)
 .text.libgcc.mul
                0x00000000        0x0 c:/program files (x86)/atmel/studio/7.0/toolchain/avr8/avr8-gnu-toolchain/bin/../lib/gcc/avr/5.4.0/avr5\libgcc.a(_exit.o)
 .text.libgcc.div
                0x00000000        0x0 c:/program files (x86)/atmel/studio/7.0/toolchain/avr8/avr8-gnu-toolchain/bin/../lib/gcc/avr/5.4.0/avr5\libgcc.a(_exit.o)
 .text.libgcc   0x00000000        0x0 c:/program files (x86)/atmel/studio/7.0/toolchain/avr8/avr8-gnu-toolchain/bin/../lib/gcc/avr/5.4.0/avr5\libgcc.a(_exit.o)
 .text.libgcc.prologue
                0x00000000        0x0 c:/program files (x86)/atmel/studio/7.0/toolchain/avr8/avr8-gnu-toolchain/bin/../lib/gcc/avr/5.4.0/avr5\libgcc.a(_exit.o)
 .text.libgcc.builtins
                0x00000000        0x0 c:/program files (x86)/atmel/studio/7.0/toolchain/avr8/avr8-gnu-toolchain/bin/../lib/gcc/avr/5.4.0/avr5\libgcc.a(_exit.o)
 .text.libgcc.fmul
                0x00000000        0x0 c:/program files (x86)/atmel/studio/7.0/toolchain/avr8/avr8-gnu-toolchain/bin/../lib/gcc/avr/5.4.0/avr5\libgcc.a(_exit.o)
 .text.libgcc.fixed
                0x00000000        0x0 c:/program files (x86)/atmel/studio/7.0/toolchain/avr8/avr8-gnu-toolchain/bin/../lib/gcc/avr/5.4.0/avr5\libgcc.a(_exit.o)
 .text          0x00000000        0x0 c:/program files (x86)/atmel/studio/7.0/toolchain/avr8/avr8-gnu-toolchain/bin/../lib/gcc/avr/5.4.0/avr5\libgcc.a(_copy_data.o)
 .data          0x00000000        0x0 c:/program files (x86)/atmel/studio/7.0/toolchain/avr8/avr8-gnu-toolchain/bin/../lib/gcc/avr/5.4.0/avr5\libgcc.a(_copy_data.o)
 .bss           0x00000000        0x0 c:/program files (x86)/atmel/studio/7.0/toolchain/avr8/avr8-gnu-toolchain/bin/../lib/gcc/avr/5.4.0/avr5\libgcc.a(_copy_data.o)
 .text.libgcc.mul
                0x00000000        0x0 c:/program files (x86)/atmel/studio/7.0/toolchain/avr8/avr8-gnu-toolchain/bin/../lib/gcc/avr/5.4.0/avr5\libgcc.a(_copy_data.o)
 .text.libgcc.div
                0x00000000        0x0 c:/program files (x86)/atmel/studio/7.0/toolchain/avr8/avr8-gnu-toolchain/bin/../lib/gcc/avr/5.4.0/avr5\libgcc.a(_copy_data.o)
 .text.libgcc   0x00000000        0x0 c:/program files (x86)/atmel/studio/7.0/toolchain/avr8/avr8-gnu-toolchain/bin/../lib/gcc/avr/5.4.0/avr5\libgcc.a(_copy_data.o)
 .text.libgcc.prologue
                0x00000000        0x0 c:/program files (x86)/atmel/studio/7.0/toolchain/avr8/avr8-gnu-toolchain/bin/../lib/gcc/avr/5.4.0/avr5\libgcc.a(_copy_data.o)
 .text.libgcc.builtins
                0x00000000        0x0 c:/program files (x86)/atmel/studio/7.0/toolchain/avr8/avr8-gnu-toolchain/bin/../lib/gcc/avr/5.4.0/avr5\libgcc.a(_copy_data.o)
 .text.libgcc.fmul
                0x00000000        0x0 c:/program files (x86)/atmel/studio/7.0/toolchain/avr8/avr8-gnu-toolchain/bin/../lib/gcc/avr/5.4.0/avr5\libgcc.a(_copy_data.o)
 .text.libgcc.fixed
                0x00000000        0x0 c:/program files (x86)/atmel/studio/7.0/toolchain/avr8/avr8-gnu-toolchain/bin/../lib/gcc/avr/5.4.0/avr5\libgcc.a(_copy_data.o)
 .text          0x00000000        0x0 c:/program files (x86)/atmel/studio/7.0/toolchain/avr8/avr8-gnu-toolchain/bin/../lib/gcc/avr/5.4.0/avr5\libgcc.a(_clear_bss.o)
 .data          0x00000000        0x0 c:/program files (x86)/atmel/studio/7.0/toolchain/avr8/avr8-gnu-toolchain/bin/../lib/gcc/avr/5.4.0/avr5\libgcc.a(_clear_bss.o)
 .bss           0x00000000        0x0 c:/program files (x86)/atmel/studio/7.0/toolchain/avr8/avr8-gnu-toolchain/bin/../lib/gcc/avr/5.4.0/avr5\libgcc.a(_clear_bss.o)
 .text.libgcc.mul
                0x00000000        0x0 c:/program files (x86)/atmel/studio/7.0/toolchain/avr8/avr8-gnu-toolchain/bin/../lib/gcc/avr/5.4.0/avr5\libgcc.a(_clear_bss.o)
 .text.libgcc.div
                0x00000000        0x0 c:/program files (x86)/atmel/studio/7.0/toolchain/avr8/avr8-gnu-toolchain/bin/../lib/gcc/avr/5.4.0/avr5\libgcc.a(_clear_bss.o)
 .text.libgcc   0x00000000        0x0 c:/program files (x86)/atmel/studio/7.0/toolchain/avr8/avr8-gnu-toolchain/bin/../lib/gcc/avr/5.4.0/avr5\libgcc.a(_clear_bss.o)
 .text.libgcc.prologue
                0x00000000        0x0 c:/program files (x86)/atmel/studio/7.0/toolchain/avr8/avr8-gnu-toolchain/bin/../lib/gcc/avr/5.4.0/avr5\libgcc.a(_clear_bss.o)
 .text.libgcc.builtins
                0x00000000        0x0 c:/program files (x86)/atmel/studio/7.0/toolchain/avr8/avr8-gnu-toolchain/bin/../lib/gcc/avr/5.4.0/avr5\libgcc.a(_clear_bss.o)
 .text.libgcc.fmul
                0x00000000        0x0 c:/program files (x86)/atmel/studio/7.0/toolchain/avr8/avr8-gnu-toolchain/bin/../lib/gcc/avr/5.4.0/avr5\libgcc.a(_clear_bss.o)
 .text.libgcc.fixed
                0x00000000        0x0 c:/program files (x86)/atmel/studio/7.0/toolchain/avr8/avr8-gnu-toolchain/bin/../lib/gcc/avr/5.4.0/avr5\libgcc.a(_clear_bss.o)
 .text          0x00000000        0x0 c:/program files (x86)/atmel/studio/7.0/toolchain/avr8/avr8-gnu-toolchain/bin/../lib/gcc/avr/5.4.0/avr5\libgcc.a(_umulhisi3.o)
 .data          0x00000000        0x0 c:/program files (x86)/atmel/studio/7.0/toolchain/avr8/avr8-gnu-toolchain/bin/../lib/gcc/avr/5.4.0/avr5\libgcc.a(_umulhisi3.o)
 .bss           0x00000000        0x0 c:/program files (x86)/atmel/studio/7.0/toolchain/avr8/avr8-gnu-toolchain/bin/../lib/gcc/avr/5.4.0/avr5\libgcc.a(_umulhisi3.o)
 .text.libgcc.div
                0x00000000        0x0 c:/program files (x86)/atmel/studio/7.0/toolchain/avr8/avr8-gnu-toolchain/bin/../lib/gcc/avr/5.4.0/avr5\libgcc.a(_umulhisi3.o)
 .text.libgcc   0x00000000        0x0 c:/program files (x86)/atmel/studio/7.0/toolchain/avr8/avr8-gnu-toolchain/bin/../lib/gcc/avr/5.4.0/avr5\libgcc.a(_umulhisi3.o)
 .text.libgcc.prologue
                0x00000000        0x0 c:/program files (x86)/atmel/studio/7.0/toolchain/avr8/avr8-gnu-toolchain/bin/../lib/gcc/avr/5.4.0/avr5\libgcc.a(_umulhisi3.o)
 .text.libgcc.builtins
                0x00000000        0x0 c:/program files (x86)/atmel/studio/7.0/toolchain/avr8/avr8-gnu-toolchain/bin/../lib/gcc/avr/5.4.0/avr5\libgcc.a(_umulhisi3.o)
 .text.libgcc.fmul
                0x00000000        0x0 c:/program files (x86)/atmel/studio/7.0/toolchain/avr8/avr8-gnu-toolchain/bin/../lib/gcc/avr/5.4.0/avr5\libgcc.a(_umulhisi3.o)
 .text.libgcc.fixed
                0x00000000        0x0 c:/program files (x86)/atmel/studio/7.0/toolchain/avr8/avr8-gnu-toolchain/bin/../lib/gcc/avr/5.4.0/avr5\libgcc.a(_umulhisi3.o)
 .text          0x00000000        0x0 c:/program files (x86)/atmel/studio/7.0/toolchain/avr8/avr8-gnu-toolchain/bin/../lib/gcc/avr/5.4.0/../../../../avr/lib/avr5\libc.a(memcpy.o)
 .data          0x00000000        0x0 c:/program files (x86)/atmel/studio/7.0/toolchain/avr8/avr8-gnu-toolchain/bin/../lib/gcc/avr/5.4.0/../../../../avr/lib/avr5\libc.a(memcpy.o)
 .bss           0x00000000        0x0 c:/program files (x86)/atmel/studio/7.0/toolchain/avr8/avr8-gnu-toolchain/bin/../lib/gcc/avr/5.4.0/../../../../avr/lib/avr5\libc.a(memcpy.o)

Memory Configuration

Name             Origin             Length             Attributes
text             0x00000000         0x00004000         xr
data             0x00800100         0x00000400         rw !x
eeprom           0x00810000         0x00000200         rw !x
fuse             0x00820000         0x00000003         rw !x
lock             0x00830000         0x00000400         rw !x
signature        0x00840000         0x00000400         rw !x
user_signatures  0x00850000         0x00000400         rw !x
*default*        0x00000000         0xffffffff

Linker script and memory map

Address of section .data set to 0x800100
LOAD C:/Program Files (x86)/Atmel/Studio/7.0/Packs/atmel/ATmega_DFP/1.7.374/gcc/dev/atmega169pa/avr5/crtatmega169pa.o
LOAD FreeRTOS/Source/list.o
LOAD FreeRTOS/Source/portable/GCC/Atmega169PA/port.o
LOAD FreeRTOS/Source/portable/MemMang/heap_1.o
LOAD FreeRTOS/Source/queue.o
LOAD FreeRTOS/Source/tasks.o
LOAD HAL/Button.o
LOAD HAL/LED.o
LOAD HAL/LM35.o
LOAD HAL/motor.o
LOAD main.o
LOAD MCAL/UART.o
START GROUP
LOAD c:/program files (x86)/atmel/studio/7.0/toolchain/avr8/avr8-gnu-toolchain/bin/../lib/gcc/avr/5.4.0/../../../../avr/lib/avr5\libm.a
END GROUP
START GROUP
LOAD c:/program files (x86)/atmel/studio/7.0/toolchain/avr8/avr8-gnu-toolchain/bin/../lib/gcc/avr/5.4.0/avr5\libgcc.a
LOAD c:/program files (x86)/atmel/studio/7.0/toolchain/avr8/avr8-gnu-toolchain/bin/../lib/gcc/avr/5.4.0/../../../../avr/lib/avr5\libm.a
LOAD c:/program files (x86)/atmel/studio/7.0/toolchain/avr8/avr8-gnu-toolchain/bin/../lib/gcc/avr/5.4.0/../../../../avr/lib/avr5\libc.a
LOAD C:/Program Files (x86)/Atmel/Studio/7.0/Packs/atmel/ATmega_DFP/1.7.374/gcc/dev/atmega169pa/avr5\libatmega169pa.a
END GROUP
                0x00000000                __TEXT_REGION_ORIGIN__ = DEFINED (__TEXT_REGION_ORIGIN__)?__TEXT_REGION_ORIGIN__:0x0
                [0x00800100]                __DATA_REGION_ORIGIN__ = DEFINED (__DATA_REGION_ORIGIN__)?__DATA_REGION_ORIGIN__:0x800060
                [0x00004000]                __TEXT_REGION_LENGTH__ = DEFINED (__TEXT_REGION_LENGTH__)?__TEXT_REGION_LENGTH__:0x20000
                [0x00000400]                __DATA_REGION_LENGTH__ = DEFINED (__DATA_REGION_LENGTH__)?__DATA_REGION_LENGTH__:0xffa0
                [0x00000200]                __EEPROM_REGION_LENGTH__ = DEFINED (__EEPROM_REGION_LENGTH__)?__EEPROM_REGION_LENGTH__:0x10000
                [0x00000003]                __FUSE_REGION_LENGTH__ = DEFINED (__FUSE_REGION_LENGTH__)?__FUSE_REGION_LENGTH__:0x400
                0x00000400                __LOCK_REGION_LENGTH__ = DEFINED (__LOCK_REGION_LENGTH__)?__LOCK_REGION_LENGTH__:0x400
                0x00000400                __SIGNATURE_REGION_LENGTH__ = DEFINED (__SIGNATURE_REGION_LENGTH__)?__SIGNATURE_REGION_LENGTH__:0x400
                0x00000400                __USER_SIGNATURE_REGION_LENGTH__ = DEFINED (__USER_SIGNATURE_REGION_LENGTH__)?__USER_SIGNATURE_REGION_LENGTH__:0x400

.hash
 *(.hash)

.dynsym
 *(.dynsym)

.dynstr
 *(.dynstr)

.gnu.version
 *(.gnu.version)

.gnu.version_d
 *(.gnu.version_d)

.gnu.version_r
 *(.gnu.version_r)

.rel.init
 *(.rel.init)

.rela.init
 *(.rela.init)

.rel.text
 *(.rel.text)
 *(.rel.text.*)
 *(.rel.gnu.linkonce.t*)

.rela.text
 *(.rela.text)
 *(.rela.text.*)
 *(.rela.gnu.linkonce.t*)

.rel.fini
 *(.rel.fini)

.rela.fini
 *(.rela.fini)

.rel.rodata
 *(.rel.rodata)
 *(.rel.rodata.*)
 *(.rel.gnu.linkonce.r*)

.rela.rodata
 *(.rela.rodata)
 *(.rela.rodata.*)
 *(.rela.gnu.linkonce.r*)

.rel.data
 *(.rel.data)
 *(.rel.data.*)
 *(.rel.gnu.linkonce.d*)

.rela.data
 *(.rela.data)
 *(.rela.data.*)
 *(.rela.gnu.linkonce.d*)

.rel.ctors
 *(.rel.ctors)

.rela.ctors
 *(.rela.ctors)

.rel.dtors
 *(.rel.dtors)

.rela.dtors
 *(.rela.dtors)

.rel.got
 *(.rel.got)

.rela.got
 *(.rela.got)

.rel.bss
 *(.rel.bss)

.rela.bss
 *(.rela.bss)

.rel.plt
 *(.rel.plt)

.rela.plt
 *(.rela.plt)

.text           0x00000000     0x1eaa
 *(.vectors)
 .vectors       0x00000000       0x5c C:/Program Files (x86)/Atmel/Studio/7.0/Packs/atmel/ATmega_DFP/1.7.374/gcc/dev/atmega169pa/avr5/crtatmega169pa.o
                0x00000000                __vector_default
                0x00000000                __vectors
 *(.vectors)
 *(.progmem.gcc*)
                0x0000005c                . = ALIGN (0x2)
                0x0000005c                __trampolines_start = .
 *(.trampolines)
 .trampolines   0x0000005c        0x0 linker stubs
 *(.trampolines*)
                0x0000005c                __trampolines_end = .
 *libprintf_flt.a:*(.progmem.data)
 *libc.a:*(.progmem.data)
 *(.progmem*)
                0x0000005c                . = ALIGN (0x2)
 *(.jumptables)
 *(.jumptables*)
 *(.lowtext)
 *(.lowtext*)
                0x0000005c                __ctors_start = .
 *(.ctors)
                0x0000005c                __ctors_end = .
                0x0000005c                __dtors_start = .
 *(.dtors)
                0x0000005c                __dtors_end = .
 SORT(*)(.ctors)
 SORT(*)(.dtors)
 *(.init0)
 .init0         0x0000005c        0x0 C:/Program Files (x86)/Atmel/Studio/7.0/Packs/atmel/ATmega_DFP/1.7.374/gcc/dev/atmega169pa/avr5/crtatmega169pa.o
                0x0000005c                __init
 *(.init0)
 *(.init1)
 *(.init1)
 *(.init2)
 .init2         0x0000005c        0xc C:/Program Files (x86)/Atmel/Studio/7.0/Packs/atmel/ATmega_DFP/1.7.374/gcc/dev/atmega169pa/avr5/crtatmega169pa.o
 *(.init2)
 *(.init3)
 *(.init3)
 *(.init4)
 .init4         0x00000068       0x16 c:/program files (x86)/atmel/studio/7.0/toolchain/avr8/avr8-gnu-toolchain/bin/../lib/gcc/avr/5.4.0/avr5\libgcc.a(_copy_data.o)
                0x00000068                __do_copy_data
 .init4         0x0000007e       0x10 c:/program files (x86)/atmel/studio/7.0/toolchain/avr8/avr8-gnu-toolchain/bin/../lib/gcc/avr/5.4.0/avr5\libgcc.a(_clear_bss.o)
                0x0000007e                __do_clear_bss
 *(.init4)
 *(.init5)
 *(.init5)
 *(.init6)
 *(.init6)
 *(.init7)
 *(.init7)
 *(.init8)
 *(.init8)
 *(.init9)
 .init9         0x0000008e        0x8 C:/Program Files (x86)/Atmel/Studio/7.0/Packs/atmel/ATmega_DFP/1.7.374/gcc/dev/atmega169pa/avr5/crtatmega169pa.o
 *(.init9)
 *(.text)
 .text          0x00000096        0x4 C:/Program Files (x86)/Atmel/Studio/7.0/Packs/atmel/ATmega_DFP/1.7.374/gcc/dev/atmega169pa/avr5/crtatmega169pa.o
                0x00000096                __vector_22
                0x00000096                __vector_1
                0x00000096                __vector_12
                0x00000096                __bad_interrupt
                0x00000096                __vector_6
                0x00000096                __vector_3
                0x00000096                __vector_11
                0x00000096                __vector_13
                0x00000096                __vector_17
                0x00000096                __vector_19
                0x00000096                __vector_5
                0x00000096                __vector_4
                0x00000096                __vector_9
                0x00000096                __vector_2
                0x00000096                __vector_21
                0x00000096                __vector_15
                0x00000096                __vector_8
                0x00000096                __vector_14
                0x00000096                __vector_10
                0x00000096                __vector_16
                0x00000096                __vector_18
                0x00000096                __vector_20
                0x0000009a                . = ALIGN (0x2)
 *(.text.*)
 .text.vListInitialise
                0x0000009a       0x1c FreeRTOS/Source/list.o
                0x0000009a                vListInitialise
 .text.vListInitialiseItem
                0x000000b6        0x8 FreeRTOS/Source/list.o
                0x000000b6                vListInitialiseItem
 .text.vListInsert
                0x000000be       0x62 FreeRTOS/Source/list.o
                0x000000be                vListInsert
 .text.uxListRemove
                0x00000120       0x4c FreeRTOS/Source/list.o
                0x00000120                uxListRemove
 .text.prvSetupTimerInterrupt
                0x0000016c       0x1c FreeRTOS/Source/portable/GCC/Atmega169PA/port.o
 .text.pxPortInitialiseStack
                0x00000188       0xd8 FreeRTOS/Source/portable/GCC/Atmega169PA/port.o
                0x00000188                pxPortInitialiseStack
 .text.xPortStartScheduler
                0x00000260       0x5e FreeRTOS/Source/portable/GCC/Atmega169PA/port.o
                0x00000260                xPortStartScheduler
 .text.vPortYield
                0x000002be       0xb2 FreeRTOS/Source/portable/GCC/Atmega169PA/port.o
                0x000002be                vPortYield
 .text.vPortYieldFromTick
                0x00000370       0xb8 FreeRTOS/Source/portable/GCC/Atmega169PA/port.o
                0x00000370                vPortYieldFromTick
 .text.__vector_7
                0x00000428        0x6 FreeRTOS/Source/portable/GCC/Atmega169PA/port.o
                0x00000428                __vector_7
 .text.pvPortMalloc
                0x0000042e       0x74 FreeRTOS/Source/portable/MemMang/heap_1.o
                0x0000042e                pvPortMalloc
 .text.vPortFree
                0x000004a2        0x2 FreeRTOS/Source/portable/MemMang/heap_1.o
                0x000004a2                vPortFree
 .text.prvGetDisinheritPriorityAfterTimeout
                0x000004a4       0x20 FreeRTOS/Source/queue.o
 .text.prvIsQueueEmpty
                0x000004c4       0x1a FreeRTOS/Source/queue.o
 .text.prvIsQueueFull
                0x000004de       0x1c FreeRTOS/Source/queue.o
 .text.prvCopyDataToQueue
                0x000004fa       0xbe FreeRTOS/Source/queue.o
 .text.prvCopyDataFromQueue
                0x000005b8       0x34 FreeRTOS/Source/queue.o
 .text.prvUnlockQueue
                0x000005ec       0x68 FreeRTOS/Source/queue.o
 .text.xQueueGenericReset
                0x00000654       0xc0 FreeRTOS/Source/queue.o
                0x00000654                xQueueGenericReset
 .text.prvInitialiseNewQueue
                0x00000714       0x26 FreeRTOS/Source/queue.o
 .text.xQueueGenericCreate
                0x0000073a       0x82 FreeRTOS/Source/queue.o
                0x0000073a                xQueueGenericCreate
 .text.xQueueGenericSend
                0x000007bc      0x124 FreeRTOS/Source/queue.o
                0x000007bc                xQueueGenericSend
 .text.prvInitialiseMutex
                0x000008e0       0x20 FreeRTOS/Source/queue.o
 .text.xQueueCreateMutex
                0x00000900       0x1c FreeRTOS/Source/queue.o
                0x00000900                xQueueCreateMutex
 .text.xQueueReceive
                0x0000091c      0x11e FreeRTOS/Source/queue.o
                0x0000091c                xQueueReceive
 .text.xQueueSemaphoreTake
                0x00000a3a      0x162 FreeRTOS/Source/queue.o
                0x00000a3a                xQueueSemaphoreTake
 .text.prvResetNextTaskUnblockTime
                0x00000b9c       0x38 FreeRTOS/Source/tasks.o
 .text.prvDeleteTCB
                0x00000bd4       0x1a FreeRTOS/Source/tasks.o
 .text.prvInitialiseNewTask
                0x00000bee       0xc2 FreeRTOS/Source/tasks.o
 .text.prvCreateTask
                0x00000cb0       0x9a FreeRTOS/Source/tasks.o
 .text.prvInitialiseTaskLists
                0x00000d4a       0x66 FreeRTOS/Source/tasks.o
 .text.prvAddNewTaskToReadyList
                0x00000db0       0xfa FreeRTOS/Source/tasks.o
 .text.prvCheckTasksWaitingTermination
                0x00000eaa       0x4c FreeRTOS/Source/tasks.o
 .text.prvIdleTask
                0x00000ef6       0x12 FreeRTOS/Source/tasks.o
 .text.prvAddCurrentTaskToDelayedList
                0x00000f08       0x9c FreeRTOS/Source/tasks.o
 .text.xTaskCreate
                0x00000fa4       0x20 FreeRTOS/Source/tasks.o
                0x00000fa4                xTaskCreate
 .text.prvCreateIdleTasks
                0x00000fc4       0x96 FreeRTOS/Source/tasks.o
 .text.vTaskStartScheduler
                0x0000105a       0x2e FreeRTOS/Source/tasks.o
                0x0000105a                vTaskStartScheduler
 .text.vTaskSuspendAll
                0x00001088        0xc FreeRTOS/Source/tasks.o
                0x00001088                vTaskSuspendAll
 .text.xTaskIncrementTick
                0x00001094      0x234 FreeRTOS/Source/tasks.o
                0x00001094                xTaskIncrementTick
 .text.xTaskResumeAll
                0x000012c8      0x1b2 FreeRTOS/Source/tasks.o
                0x000012c8                xTaskResumeAll
 .text.vTaskDelay
                0x0000147a       0x2c FreeRTOS/Source/tasks.o
                0x0000147a                vTaskDelay
 .text.vTaskSwitchContext
                0x000014a6       0xc4 FreeRTOS/Source/tasks.o
                0x000014a6                vTaskSwitchContext
 .text.vTaskPlaceOnEventList
                0x0000156a       0x24 FreeRTOS/Source/tasks.o
                0x0000156a                vTaskPlaceOnEventList
 .text.xTaskRemoveFromEventList
                0x0000158e      0x17a FreeRTOS/Source/tasks.o
                0x0000158e                xTaskRemoveFromEventList
 .text.vTaskInternalSetTimeOutState
                0x00001708       0x16 FreeRTOS/Source/tasks.o
                0x00001708                vTaskInternalSetTimeOutState
 .text.xTaskCheckForTimeOut
                0x0000171e       0x64 FreeRTOS/Source/tasks.o
                0x0000171e                xTaskCheckForTimeOut
 .text.vTaskMissedYield
                0x00001782        0x8 FreeRTOS/Source/tasks.o
                0x00001782                vTaskMissedYield
 .text.xTaskPriorityInherit
                0x0000178a      0x128 FreeRTOS/Source/tasks.o
                0x0000178a                xTaskPriorityInherit
 .text.xTaskPriorityDisinherit
                0x000018b2       0xc6 FreeRTOS/Source/tasks.o
                0x000018b2                xTaskPriorityDisinherit
 .text.vTaskPriorityDisinheritAfterTimeout
                0x00001978       0xe6 FreeRTOS/Source/tasks.o
                0x00001978                vTaskPriorityDisinheritAfterTimeout
 .text.pvTaskIncrementMutexHeldCount
                0x00001a5e       0x16 FreeRTOS/Source/tasks.o
                0x00001a5e                pvTaskIncrementMutexHeldCount
 .text.BUTTON_init
                0x00001a74        0xe HAL/Button.o
                0x00001a74                BUTTON_init
 .text.BUTTON_read
                0x00001a82       0x10 HAL/Button.o
                0x00001a82                BUTTON_read
 .text.LM35_init
                0x00001a92        0xe HAL/LM35.o
                0x00001a92                LM35_init
 .text.LM35_read
                0x00001aa0       0x44 HAL/LM35.o
                0x00001aa0                LM35_read
 .text.motor_init
                0x00001ae4        0x8 HAL/motor.o
                0x00001ae4                motor_init
 .text.motor_forward
                0x00001aec        0xe HAL/motor.o
                0x00001aec                motor_forward
 .text.motor_stop
                0x00001afa        0xe HAL/motor.o
                0x00001afa                motor_stop
 .text.vTask_ButtonMonitor
                0x00001b08       0x8e main.o
                0x00001b08                vTask_ButtonMonitor
 .text.vTask_TempMonitor
                0x00001b96       0x84 main.o
                0x00001b96                vTask_TempMonitor
 .text.vTask_MotorControl
                0x00001c1a       0x7c main.o
                0x00001c1a                vTask_MotorControl
 .text.main     0x00001c96       0x8e main.o
                0x00001c96                main
 .text.UART_init
                0x00001d24       0x4e MCAL/UART.o
                0x00001d24                UART_init
 .text.UART_sendChar
                0x00001d72        0xe MCAL/UART.o
                0x00001d72                UART_sendChar
 .text.UART_sendString
                0x00001d80       0x1a MCAL/UART.o
                0x00001d80                UART_sendString
 .text.uart_print_number
                0x00001d9a       0x70 MCAL/UART.o
                0x00001d9a                uart_print_number
 .text.libgcc.div
                0x00001e0a       0x28 c:/program files (x86)/atmel/studio/7.0/toolchain/avr8/avr8-gnu-toolchain/bin/../lib/gcc/avr/5.4.0/avr5\libgcc.a(_udivmodhi4.o)
                0x00001e0a                __udivmodhi4
 .text.libgcc.div
                0x00001e32       0x44 c:/program files (x86)/atmel/studio/7.0/toolchain/avr8/avr8-gnu-toolchain/bin/../lib/gcc/avr/5.4.0/avr5\libgcc.a(_udivmodsi4.o)
                0x00001e32                __udivmodsi4
 .text.libgcc.mul
                0x00001e76       0x1e c:/program files (x86)/atmel/studio/7.0/toolchain/avr8/avr8-gnu-toolchain/bin/../lib/gcc/avr/5.4.0/avr5\libgcc.a(_umulhisi3.o)
                0x00001e76                __umulhisi3
 .text.avr-libc
                0x00001e94       0x12 c:/program files (x86)/atmel/studio/7.0/toolchain/avr8/avr8-gnu-toolchain/bin/../lib/gcc/avr/5.4.0/../../../../avr/lib/avr5\libc.a(memcpy.o)
                0x00001e94                memcpy
                0x00001ea6                . = ALIGN (0x2)
 *(.fini9)
 .fini9         0x00001ea6        0x0 c:/program files (x86)/atmel/studio/7.0/toolchain/avr8/avr8-gnu-toolchain/bin/../lib/gcc/avr/5.4.0/avr5\libgcc.a(_exit.o)
                0x00001ea6                _exit
                0x00001ea6                exit
 *(.fini9)
 *(.fini8)
 *(.fini8)
 *(.fini7)
 *(.fini7)
 *(.fini6)
 *(.fini6)
 *(.fini5)
 *(.fini5)
 *(.fini4)
 *(.fini4)
 *(.fini3)
 *(.fini3)
 *(.fini2)
 *(.fini2)
 *(.fini1)
 *(.fini1)
 *(.fini0)
 .fini0         0x00001ea6        0x4 c:/program files (x86)/atmel/studio/7.0/toolchain/avr8/avr8-gnu-toolchain/bin/../lib/gcc/avr/5.4.0/avr5\libgcc.a(_exit.o)
 *(.fini0)
                0x00001eaa                _etext = .

.data           0x00800100       0x7a load address 0x00001eaa
                0x00800100                PROVIDE (__data_start, .)
 *(.data)
 *(.data*)
 .data.uxTopUsedPriority
                0x00800100        0x1 FreeRTOS/Source/tasks.o
 .data.lastButtonState.2147
                0x00800101        0x1 main.o
 *(.gnu.linkonce.d*)
 *(.rodata)
 *(.rodata*)
 .rodata.str1.1
                0x00800102        0x5 FreeRTOS/Source/tasks.o
 .rodata.str1.1
                0x00800107       0x73 main.o
 *(.gnu.linkonce.r*)
                0x0080017a                . = ALIGN (0x2)
                0x0080017a                _edata = .
                0x0080017a                PROVIDE (__data_end, .)

.bss            0x0080017a      0x323
                0x0080017a                PROVIDE (__bss_start, .)
 *(.bss)
 *(.bss*)
 .bss.pucAlignedHeap.2074
                0x0080017a        0x2 FreeRTOS/Source/portable/MemMang/heap_1.o
 .bss.xNextFreeByte
                0x0080017c        0x2 FreeRTOS/Source/portable/MemMang/heap_1.o
 .bss.ucHeap    0x0080017e      0x2bc FreeRTOS/Source/portable/MemMang/heap_1.o
 .bss.uxSchedulerSuspended
                0x0080043a        0x1 FreeRTOS/Source/tasks.o
 .bss.xIdleTaskHandles
                0x0080043b        0x2 FreeRTOS/Source/tasks.o
 .bss.xNextTaskUnblockTime
                0x0080043d        0x2 FreeRTOS/Source/tasks.o
 .bss.uxTaskNumber
                0x0080043f        0x1 FreeRTOS/Source/tasks.o
 .bss.xNumOfOverflows
                0x00800440        0x1 FreeRTOS/Source/tasks.o
 .bss.xYieldPendings
                0x00800441        0x1 FreeRTOS/Source/tasks.o
 .bss.xPendedTicks
                0x00800442        0x2 FreeRTOS/Source/tasks.o
 .bss.xSchedulerRunning
                0x00800444        0x1 FreeRTOS/Source/tasks.o
 .bss.uxTopReadyPriority
                0x00800445        0x1 FreeRTOS/Source/tasks.o
 .bss.xTickCount
                0x00800446        0x2 FreeRTOS/Source/tasks.o
 .bss.uxCurrentNumberOfTasks
                0x00800448        0x1 FreeRTOS/Source/tasks.o
 .bss.uxDeletedTasksWaitingCleanUp
                0x00800449        0x1 FreeRTOS/Source/tasks.o
 .bss.xTasksWaitingTermination
                0x0080044a        0x9 FreeRTOS/Source/tasks.o
 .bss.xPendingReadyList
                0x00800453        0x9 FreeRTOS/Source/tasks.o
 .bss.pxOverflowDelayedTaskList
                0x0080045c        0x2 FreeRTOS/Source/tasks.o
 .bss.pxDelayedTaskList
                0x0080045e        0x2 FreeRTOS/Source/tasks.o
 .bss.xDelayedTaskList2
                0x00800460        0x9 FreeRTOS/Source/tasks.o
 .bss.xDelayedTaskList1
                0x00800469        0x9 FreeRTOS/Source/tasks.o
 .bss.pxReadyTasksLists
                0x00800472       0x24 FreeRTOS/Source/tasks.o
 .bss.pxCurrentTCB
                0x00800496        0x2 FreeRTOS/Source/tasks.o
                0x00800496                pxCurrentTCB
 .bss.overrideActive
                0x00800498        0x1 main.o
                0x00800498                overrideActive
 *(COMMON)
 COMMON         0x00800499        0x4 main.o
                0x00800499                xMotorQueue
                0x0080049b                xUART_Mutex
                0x0080049d                PROVIDE (__bss_end, .)
                0x00001eaa                __data_load_start = LOADADDR (.data)
                0x00001f24                __data_load_end = (__data_load_start + SIZEOF (.data))

.noinit         0x0080049d        0x0
                [!provide]                PROVIDE (__noinit_start, .)
 *(.noinit*)
                [!provide]                PROVIDE (__noinit_end, .)
                0x0080049d                _end = .
                [!provide]                PROVIDE (__heap_start, .)

.eeprom         0x00810000        0x0
 *(.eeprom*)
                0x00810000                __eeprom_end = .

.fuse
 *(.fuse)
 *(.lfuse)
 *(.hfuse)
 *(.efuse)

.lock
 *(.lock*)

.signature
 *(.signature*)

.user_signatures
 *(.user_signatures*)

.stab
 *(.stab)

.stabstr
 *(.stabstr)

.stab.excl
 *(.stab.excl)

.stab.exclstr
 *(.stab.exclstr)

.stab.index
 *(.stab.index)

.stab.indexstr
 *(.stab.indexstr)

.comment        0x00000000       0x30
 *(.comment)
 .comment       0x00000000       0x30 FreeRTOS/Source/list.o
                                 0x31 (size before relaxing)
 .comment       0x00000030       0x31 FreeRTOS/Source/portable/GCC/Atmega169PA/port.o
 .comment       0x00000030       0x31 FreeRTOS/Source/portable/MemMang/heap_1.o
 .comment       0x00000030       0x31 FreeRTOS/Source/queue.o
 .comment       0x00000030       0x31 FreeRTOS/Source/tasks.o
 .comment       0x00000030       0x31 HAL/Button.o
 .comment       0x00000030       0x31 HAL/LM35.o
 .comment       0x00000030       0x31 HAL/motor.o
 .comment       0x00000030       0x31 main.o
 .comment       0x00000030       0x31 MCAL/UART.o

.note.gnu.avr.deviceinfo
                0x00000000       0x40
 .note.gnu.avr.deviceinfo
                0x00000000       0x40 C:/Program Files (x86)/Atmel/Studio/7.0/Packs/atmel/ATmega_DFP/1.7.374/gcc/dev/atmega169pa/avr5/crtatmega169pa.o

.note.gnu.build-id
 *(.note.gnu.build-id)

.debug
 *(.debug)

.line
 *(.line)

.debug_srcinfo
 *(.debug_srcinfo)

.debug_sfnames
 *(.debug_sfnames)

.debug_aranges  0x00000000      0x448
 *(.debug_aranges)
 .debug_aranges
                0x00000000       0x40 FreeRTOS/Source/list.o
 .debug_aranges
                0x00000040       0x50 FreeRTOS/Source/portable/GCC/Atmega169PA/port.o
 .debug_aranges
                0x00000090       0x40 FreeRTOS/Source/portable/MemMang/heap_1.o
 .debug_aranges
                0x000000d0       0xf8 FreeRTOS/Source/queue.o
 .debug_aranges
                0x000001c8      0x190 FreeRTOS/Source/tasks.o
 .debug_aranges
                0x00000358       0x28 HAL/Button.o
 .debug_aranges
                0x00000380       0x28 HAL/LM35.o
 .debug_aranges
                0x000003a8       0x30 HAL/motor.o
 .debug_aranges
                0x000003d8       0x38 main.o
 .debug_aranges
                0x00000410       0x38 MCAL/UART.o

.debug_pubnames
 *(.debug_pubnames)

.debug_info     0x00000000     0x4e36
 *(.debug_info .gnu.linkonce.wi.*)
 .debug_info    0x00000000      0x7b6 C:/Program Files (x86)/Atmel/Studio/7.0/Packs/atmel/ATmega_DFP/1.7.374/gcc/dev/atmega169pa/avr5/crtatmega169pa.o
 .debug_info    0x000007b6      0x2d3 FreeRTOS/Source/list.o
 .debug_info    0x00000a89      0x24e FreeRTOS/Source/portable/GCC/Atmega169PA/port.o
 .debug_info    0x00000cd7      0x1ba FreeRTOS/Source/portable/MemMang/heap_1.o
 .debug_info    0x00000e91     0x1784 FreeRTOS/Source/queue.o
 .debug_info    0x00002615     0x1dc8 FreeRTOS/Source/tasks.o
 .debug_info    0x000043dd       0x9d HAL/Button.o
 .debug_info    0x0000447a       0xa8 HAL/LM35.o
 .debug_info    0x00004522       0xaf HAL/motor.o
 .debug_info    0x000045d1      0x65d main.o
 .debug_info    0x00004c2e      0x208 MCAL/UART.o

.debug_abbrev   0x00000000     0x12d3
 *(.debug_abbrev)
 .debug_abbrev  0x00000000      0x74b C:/Program Files (x86)/Atmel/Studio/7.0/Packs/atmel/ATmega_DFP/1.7.374/gcc/dev/atmega169pa/avr5/crtatmega169pa.o
 .debug_abbrev  0x0000074b       0xf8 FreeRTOS/Source/list.o
 .debug_abbrev  0x00000843      0x143 FreeRTOS/Source/portable/GCC/Atmega169PA/port.o
 .debug_abbrev  0x00000986      0x11c FreeRTOS/Source/portable/MemMang/heap_1.o
 .debug_abbrev  0x00000aa2      0x227 FreeRTOS/Source/queue.o
 .debug_abbrev  0x00000cc9      0x2b4 FreeRTOS/Source/tasks.o
 .debug_abbrev  0x00000f7d       0x6b HAL/Button.o
 .debug_abbrev  0x00000fe8       0x6b HAL/LM35.o
 .debug_abbrev  0x00001053       0x51 HAL/motor.o
 .debug_abbrev  0x000010a4      0x12f main.o
 .debug_abbrev  0x000011d3      0x100 MCAL/UART.o

.debug_line     0x00000000     0x2dcd
 *(.debug_line .debug_line.* .debug_line_end)
 .debug_line    0x00000000      0x121 C:/Program Files (x86)/Atmel/Studio/7.0/Packs/atmel/ATmega_DFP/1.7.374/gcc/dev/atmega169pa/avr5/crtatmega169pa.o
 .debug_line    0x00000121      0x21f FreeRTOS/Source/list.o
 .debug_line    0x00000340      0x2df FreeRTOS/Source/portable/GCC/Atmega169PA/port.o
 .debug_line    0x0000061f      0x1fe FreeRTOS/Source/portable/MemMang/heap_1.o
 .debug_line    0x0000081d      0xc4b FreeRTOS/Source/queue.o
 .debug_line    0x00001468     0x12f5 FreeRTOS/Source/tasks.o
 .debug_line    0x0000275d       0xc7 HAL/Button.o
 .debug_line    0x00002824       0xdb HAL/LM35.o
 .debug_line    0x000028ff       0xdc HAL/motor.o
 .debug_line    0x000029db      0x2ba main.o
 .debug_line    0x00002c95      0x138 MCAL/UART.o

.debug_frame    0x00000000      0xc74
 *(.debug_frame)
 .debug_frame   0x00000000       0x88 FreeRTOS/Source/list.o
 .debug_frame   0x00000088       0x84 FreeRTOS/Source/portable/GCC/Atmega169PA/port.o
 .debug_frame   0x0000010c       0x70 FreeRTOS/Source/portable/MemMang/heap_1.o
 .debug_frame   0x0000017c      0x374 FreeRTOS/Source/queue.o
 .debug_frame   0x000004f0      0x5ec FreeRTOS/Source/tasks.o
 .debug_frame   0x00000adc       0x34 HAL/Button.o
 .debug_frame   0x00000b10       0x34 HAL/LM35.o
 .debug_frame   0x00000b44       0x44 HAL/motor.o
 .debug_frame   0x00000b88       0x84 main.o
 .debug_frame   0x00000c0c       0x68 MCAL/UART.o

.debug_str      0x00000000     0x1881
 *(.debug_str)
 .debug_str     0x00000000      0x2b3 C:/Program Files (x86)/Atmel/Studio/7.0/Packs/atmel/ATmega_DFP/1.7.374/gcc/dev/atmega169pa/avr5/crtatmega169pa.o
 .debug_str     0x000002b3      0x290 FreeRTOS/Source/list.o
                                0x2cf (size before relaxing)
 .debug_str     0x00000543      0x150 FreeRTOS/Source/portable/GCC/Atmega169PA/port.o
                                0x2e1 (size before relaxing)
 .debug_str     0x00000693       0xe2 FreeRTOS/Source/portable/MemMang/heap_1.o
                                0x265 (size before relaxing)
 .debug_str     0x00000775      0x672 FreeRTOS/Source/queue.o
                                0x946 (size before relaxing)
 .debug_str     0x00000de7      0x8f6 FreeRTOS/Source/tasks.o
                                0xe14 (size before relaxing)
 .debug_str     0x000016dd       0x28 HAL/Button.o
                                0x194 (size before relaxing)
 .debug_str     0x00001705       0x22 HAL/LM35.o
                                0x197 (size before relaxing)
 .debug_str     0x00001727       0x33 HAL/motor.o
                                0x19f (size before relaxing)
 .debug_str     0x0000175a      0x100 main.o
                                0x38c (size before relaxing)
 .debug_str     0x0000185a       0x27 MCAL/UART.o
                                0x1d6 (size before relaxing)

.debug_loc      0x00000000     0x46f7
 *(.debug_loc)
 .debug_loc     0x00000000      0x145 FreeRTOS/Source/list.o
 .debug_loc     0x00000145      0x2a0 FreeRTOS/Source/portable/GCC/Atmega169PA/port.o
 .debug_loc     0x000003e5      0x10f FreeRTOS/Source/portable/MemMang/heap_1.o
 .debug_loc     0x000004f4     0x1c4d FreeRTOS/Source/queue.o
 .debug_loc     0x00002141     0x2388 FreeRTOS/Source/tasks.o
 .debug_loc     0x000044c9      0x15d main.o
 .debug_loc     0x00004626       0xd1 MCAL/UART.o

.debug_macinfo
 *(.debug_macinfo)

.debug_weaknames
 *(.debug_weaknames)

.debug_funcnames
 *(.debug_funcnames)

.debug_typenames
 *(.debug_typenames)

.debug_varnames
 *(.debug_varnames)

.debug_pubtypes
 *(.debug_pubtypes)

.debug_ranges   0x00000000      0x410
 *(.debug_ranges)
 .debug_ranges  0x00000000       0x30 FreeRTOS/Source/list.o
 .debug_ranges  0x00000030       0x40 FreeRTOS/Source/portable/GCC/Atmega169PA/port.o
 .debug_ranges  0x00000070       0x30 FreeRTOS/Source/portable/MemMang/heap_1.o
 .debug_ranges  0x000000a0      0x130 FreeRTOS/Source/queue.o
 .debug_ranges  0x000001d0      0x1a0 FreeRTOS/Source/tasks.o
 .debug_ranges  0x00000370       0x18 HAL/Button.o
 .debug_ranges  0x00000388       0x18 HAL/LM35.o
 .debug_ranges  0x000003a0       0x20 HAL/motor.o
 .debug_ranges  0x000003c0       0x28 main.o
 .debug_ranges  0x000003e8       0x28 MCAL/UART.o

.debug_macro
 *(.debug_macro)
OUTPUT(Lab8.elf elf32-avr)
LOAD linker stubs
